// Vitest Snapshot v1, https://vitest.dev/guide/snapshot.html

exports[`should render correctly 1`] = `
<div>
  <div
    class=" mx-auto xl:max-w-6xl max-w-4xl"
  >
    <div
      class="grid grid-cols-1 md:grid-cols-2 gap-10 p-8 m-2 mb-4"
    >
      <div
        class=" flex items-start justify-center"
      >
        <div
          class="w-80 bg-gray-200 rounded-3xl overflow-hidden "
        >
          <img
            alt="Beef"
            class="w-full object-cover"
            src="https://www.themealdb.com/images/category/beef.png"
          />
        </div>
      </div>
      <div
        class=" flex flex-col justify-around items-start border-gray-400"
      >
        <h4
          class="text-xl font-semibold"
        >
          Beef
        </h4>
        <p
          class="text-md"
        >
          Beef is the culinary name for meat from cattle, particularly skeletal muscle. Humans have been eating beef since prehistoric times.[1] Beef is a source of high-quality protein and essential nutrients.[2]
        </p>
      </div>
    </div>
  </div>
</div>
`;
