// Jest Snapshot v1, https://goo.gl/fbAQLP

exports[`should render correctly 1`] = `
<ul
  className="mx-auto grid grid-cols-1 sm:grid-cols-2 xl:grid-cols-3 gap-10 justify-items-center xl:max-w-6xl max-w-4xl"
>
  <li
    className="flex"
    style={
      Object {
        "opacity": 0,
      }
    }
  >
    <article
      className="relative w-full z-0 bg-white dark:bg-gray-100 rounded-3xl overflow-hidden border border-gray-200 dark:border-gray-900 dark:text-gray-900"
    >
      <a
        className="block rounded-lg overflow-hidden min-h-300 hover:opacity-90 transition-opacity"
        href="/meal/52965"
        onClick={[Function]}
      >
        <div
          className="lazyload-wrapper "
        >
          <div
            className="lazyload-placeholder"
            style={
              Object {
                "height": 437,
              }
            }
          />
        </div>
        <div
          className="text-center my-2 mx-3 min-h-full"
        >
          <h4
            className="text-2xl font-semibold"
          >
            Breakfast Potatoes
          </h4>
        </div>
      </a>
      <div
        className="absolute top-4 right-4 p-1 bg-white bg-opacity-50 backdrop-opacity-50 backdrop-filter backdrop-blur-2xl rounded-2xl"
      >
        <div
          className="mx-2 mt-2"
        >
          <button
            className="text-2xl text-gray-900  hover:text-red-500 transition duration-200 uppercase"
            onClick={[Function]}
          >
            <svg
              className="fill-current"
              fill="currentColor"
              height="1em"
              stroke="currentColor"
              strokeWidth="0"
              style={
                Object {
                  "color": undefined,
                }
              }
              viewBox="0 0 16 16"
              width="1em"
              xmlns="http://www.w3.org/2000/svg"
            >
              <path
                d="M2 15.5V2a2 2 0 0 1 2-2h8a2 2 0 0 1 2 2v13.5a.5.5 0 0 1-.74.439L8 13.069l-5.26 2.87A.5.5 0 0 1 2 15.5zm6.5-11a.5.5 0 0 0-1 0V6H6a.5.5 0 0 0 0 1h1.5v1.5a.5.5 0 0 0 1 0V7H10a.5.5 0 0 0 0-1H8.5V4.5z"
                fillRule="evenodd"
              />
            </svg>
          </button>
        </div>
      </div>
    </article>
  </li>
</ul>
`;
