// Vitest Snapshot v1, https://vitest.dev/guide/snapshot.html

exports[`matches snapshot 1`] = `
<div>
  <button
    aria-label="Load recipe video"
    class="absolute inset-0 flex w-full cursor-pointer items-center justify-center border-0 bg-gray-200 p-0 transition-opacity hover:opacity-90 focus:outline-none focus:ring-2 focus:ring-red-500 focus:ring-offset-2 dark:bg-gray-800"
    type="button"
  >
    <img
      alt=""
      class="absolute inset-0 h-full w-full object-cover"
      loading="lazy"
      src="https://i.ytimg.com/vi/dQw4w9WgXcQ/maxresdefault.jpg"
    />
    <span
      class="relative z-10 flex h-20 w-20 items-center justify-center rounded-full bg-red-600 text-white shadow-lg transition-transform hover:scale-110"
    >
      <svg
        fill="currentColor"
        height="1em"
        stroke="currentColor"
        stroke-width="0"
        viewBox="0 0 448 512"
        width="1em"
        xmlns="http://www.w3.org/2000/svg"
      >
        <path
          d="M424.4 214.7L72.4 6.6C43.8-10.3 0 6.1 0 47.9V464c0 37.5 40.7 60.1 72.4 41.3l352-208c31.4-18.5 31.5-64.1 0-82.6z"
        />
      </svg>
    </span>
  </button>
</div>
`;
