// Jest Snapshot v1, https://goo.gl/fbAQLP

exports[`should render the iframe element with current link 1`] = `
<div
  className="relative h-0 mt-8"
  style={
    Object {
      "paddingBottom": "56.25%",
    }
  }
>
  <iframe
    allow="accelerometer; autoplay; clipboard-write; encrypted-media; gyroscope; picture-in-picture"
    allowFullScreen={true}
    className="absolute top-0 left-0 w-full h-full"
    height="500px"
    src="https://www.youtube.com/embed/FXjYU2Ensck"
    title="Video instruction"
    width="100%"
  />
</div>
`;
