// Jest Snapshot v1, https://goo.gl/fbAQLP

exports[`should render correctly 1`] = `
<div
  className="flex flex-col justify-around items-center my-6 px-2"
  style={
    Object {
      "opacity": 0,
    }
  }
>
  <div
    className="w-full sm:w-1/2 pl-2 flex flex-col items-center text-center"
  >
    <h2
      className=""
    >
      <span
        className="font-bold block"
      >
        Nothing found
      </span>
       for "
      
      "
    </h2>
    <div>
      Try to cook this 
    </div>
    <div
      className="w-12 h-1 bg-red-500 rounded mt-2 mb-4"
    />
  </div>
  <ul
    className="rounded-lg overflow-hidden w-4/6 sm:w-1/2"
  />
</div>
`;
