// Jest Snapshot v1, https://goo.gl/fbAQLP

exports[`should render correctly 1`] = `
<form
  className="flex"
  onSubmit={[Function]}
>
  <div
    className="relative my-2 mx-auto dark:text-gray-900"
  >
    <input
      className="focus:outline-none focus:ring-2 dark:placeholder:text-gray-600 dark:bg-gray-100 focus:ring-red-500 shadow rounded-full w-52 sm:w-60 md:w-72 lg:w-80 xl:w-96 border-0 p-3 pl-9 min-w-full"
      onChange={[Function]}
      onKeyDown={[Function]}
      placeholder="Search by name..."
      role="searchbox"
      type="text"
      value=""
    />
    <span
      className="absolute left-0 top-1/2 transform -translate-y-1/2 ml-4 "
      onClick={[Function]}
    >
      <svg
        className="fill-current"
        fill="currentColor"
        height="1em"
        stroke="currentColor"
        strokeWidth="0"
        style={
          Object {
            "color": undefined,
          }
        }
        viewBox="0 0 16 16"
        width="1em"
        xmlns="http://www.w3.org/2000/svg"
      >
        <path
          d="M11.742 10.344a6.5 6.5 0 1 0-1.397 1.398h-.001c.03.04.062.078.098.115l3.85 3.85a1 1 0 0 0 1.415-1.414l-3.85-3.85a1.007 1.007 0 0 0-.115-.1zM12 6.5a5.5 5.5 0 1 1-11 0 5.5 5.5 0 0 1 11 0z"
        />
      </svg>
    </span>
  </div>
</form>
`;
