// Jest Snapshot v1, https://goo.gl/fbAQLP

exports[`should render correctly 1`] = `
<div
  className=" mx-auto xl:max-w-6xl max-w-4xl"
>
  <div
    className="grid grid-cols-1 md:grid-cols-2 gap-10 p-8 m-2 mb-4"
  >
    <div
      className=" flex items-start justify-center"
    >
      <div
        className="w-80 bg-gray-200 rounded-3xl overflow-hidden -wrapper "
      >
        <div
          className="w-80 bg-gray-200 rounded-3xl overflow-hidden -placeholder"
          style={
            Object {
              "height": undefined,
            }
          }
        />
      </div>
    </div>
    <div
      className=" flex flex-col justify-around items-start border-gray-400"
    >
      <h4
        className="text-xl font-semibold"
      >
        Beef
      </h4>
      <p
        className="text-md"
      >
        Beef is the culinary name for meat from cattle, particularly skeletal muscle. Humans have been eating beef since prehistoric times.[1] Beef is a source of high-quality protein and essential nutrients.[2]
      </p>
    </div>
  </div>
</div>
`;
