// Vitest Snapshot v1, https://vitest.dev/guide/snapshot.html

exports[`should render correctly 1`] = `
{
  "asFragment": [Function],
  "baseElement": <body>
    <div>
      <ul
        class="mx-auto grid grid-cols-1 sm:grid-cols-2 xl:grid-cols-3 gap-10 justify-items-center xl:max-w-6xl max-w-4xl"
      >
        <li
          class="flex"
          style="opacity: 0;"
        >
          <article
            class="relative w-full z-0 bg-white dark:bg-gray-100 rounded-3xl overflow-hidden border border-gray-200 dark:border-gray-900 dark:text-gray-900"
          >
            <a
              class="block rounded-lg overflow-hidden min-h-300 hover:opacity-90 transition-opacity"
              data-discover="true"
              href="/meal/52965"
            >
              <img
                alt="Breakfast Potatoes"
                class="min-w-full"
                height="437"
                src="https://www.themealdb.com/images/media/meals/1550441882.jpg"
                width="355"
              />
              <div
                class="text-center my-2 mx-3 min-h-full"
              >
                <h4
                  class="text-2xl font-semibold line-clamp-1"
                >
                  Breakfast Potatoes
                </h4>
              </div>
            </a>
            <div
              class="absolute top-4 right-4 p-1 bg-white/50 backdrop-opacity-50 backdrop-filter backdrop-blur-2xl rounded-2xl"
            >
              <div
                class="mx-2 mt-2"
              >
                <button
                  class="cursor-pointer text-2xl text-gray-900  hover:text-red-500 transition duration-200 uppercase"
                >
                  <svg
                    class="fill-current"
                    fill="currentColor"
                    height="1em"
                    stroke="currentColor"
                    stroke-width="0"
                    viewBox="0 0 16 16"
                    width="1em"
                    xmlns="http://www.w3.org/2000/svg"
                  >
                    <path
                      d="M2 15.5V2a2 2 0 0 1 2-2h8a2 2 0 0 1 2 2v13.5a.5.5 0 0 1-.74.439L8 13.069l-5.26 2.87A.5.5 0 0 1 2 15.5m6.5-11a.5.5 0 0 0-1 0V6H6a.5.5 0 0 0 0 1h1.5v1.5a.5.5 0 0 0 1 0V7H10a.5.5 0 0 0 0-1H8.5z"
                      fill-rule="evenodd"
                    />
                  </svg>
                </button>
              </div>
            </div>
          </article>
        </li>
      </ul>
    </div>
  </body>,
  "container": <div>
    <ul
      class="mx-auto grid grid-cols-1 sm:grid-cols-2 xl:grid-cols-3 gap-10 justify-items-center xl:max-w-6xl max-w-4xl"
    >
      <li
        class="flex"
        style="opacity: 0;"
      >
        <article
          class="relative w-full z-0 bg-white dark:bg-gray-100 rounded-3xl overflow-hidden border border-gray-200 dark:border-gray-900 dark:text-gray-900"
        >
          <a
            class="block rounded-lg overflow-hidden min-h-300 hover:opacity-90 transition-opacity"
            data-discover="true"
            href="/meal/52965"
          >
            <img
              alt="Breakfast Potatoes"
              class="min-w-full"
              height="437"
              src="https://www.themealdb.com/images/media/meals/1550441882.jpg"
              width="355"
            />
            <div
              class="text-center my-2 mx-3 min-h-full"
            >
              <h4
                class="text-2xl font-semibold line-clamp-1"
              >
                Breakfast Potatoes
              </h4>
            </div>
          </a>
          <div
            class="absolute top-4 right-4 p-1 bg-white/50 backdrop-opacity-50 backdrop-filter backdrop-blur-2xl rounded-2xl"
          >
            <div
              class="mx-2 mt-2"
            >
              <button
                class="cursor-pointer text-2xl text-gray-900  hover:text-red-500 transition duration-200 uppercase"
              >
                <svg
                  class="fill-current"
                  fill="currentColor"
                  height="1em"
                  stroke="currentColor"
                  stroke-width="0"
                  viewBox="0 0 16 16"
                  width="1em"
                  xmlns="http://www.w3.org/2000/svg"
                >
                  <path
                    d="M2 15.5V2a2 2 0 0 1 2-2h8a2 2 0 0 1 2 2v13.5a.5.5 0 0 1-.74.439L8 13.069l-5.26 2.87A.5.5 0 0 1 2 15.5m6.5-11a.5.5 0 0 0-1 0V6H6a.5.5 0 0 0 0 1h1.5v1.5a.5.5 0 0 0 1 0V7H10a.5.5 0 0 0 0-1H8.5z"
                    fill-rule="evenodd"
                  />
                </svg>
              </button>
            </div>
          </div>
        </article>
      </li>
    </ul>
  </div>,
  "debug": [Function],
  "findAllByAltText": [Function],
  "findAllByDisplayValue": [Function],
  "findAllByLabelText": [Function],
  "findAllByPlaceholderText": [Function],
  "findAllByRole": [Function],
  "findAllByTestId": [Function],
  "findAllByText": [Function],
  "findAllByTitle": [Function],
  "findByAltText": [Function],
  "findByDisplayValue": [Function],
  "findByLabelText": [Function],
  "findByPlaceholderText": [Function],
  "findByRole": [Function],
  "findByTestId": [Function],
  "findByText": [Function],
  "findByTitle": [Function],
  "getAllByAltText": [Function],
  "getAllByDisplayValue": [Function],
  "getAllByLabelText": [Function],
  "getAllByPlaceholderText": [Function],
  "getAllByRole": [Function],
  "getAllByTestId": [Function],
  "getAllByText": [Function],
  "getAllByTitle": [Function],
  "getByAltText": [Function],
  "getByDisplayValue": [Function],
  "getByLabelText": [Function],
  "getByPlaceholderText": [Function],
  "getByRole": [Function],
  "getByTestId": [Function],
  "getByText": [Function],
  "getByTitle": [Function],
  "queryAllByAltText": [Function],
  "queryAllByDisplayValue": [Function],
  "queryAllByLabelText": [Function],
  "queryAllByPlaceholderText": [Function],
  "queryAllByRole": [Function],
  "queryAllByTestId": [Function],
  "queryAllByText": [Function],
  "queryAllByTitle": [Function],
  "queryByAltText": [Function],
  "queryByDisplayValue": [Function],
  "queryByLabelText": [Function],
  "queryByPlaceholderText": [Function],
  "queryByRole": [Function],
  "queryByTestId": [Function],
  "queryByText": [Function],
  "queryByTitle": [Function],
  "rerender": [Function],
  "unmount": [Function],
}
`;
