// Jest Snapshot v1, https://goo.gl/fbAQLP

exports[`should render correctly 1`] = `
<table
  className="w-full ms:w-auto table-fixed bg-yellow-100 dark:bg-opacity-80 dark:text-gray-900 border-collapse mx-auto rounded-3xl overflow-hidden mt-4"
>
  <thead>
    <tr>
      <th
        className="w-3/5 md:w-2/4"
      >
        Ingredients
      </th>
      <th
        className="w-2/5 md:w-2/4"
      >
        Measure
      </th>
    </tr>
  </thead>
  <tbody>
    <tr
      className="bg-yellow-200"
    >
      <td
        className="pl-6"
      >
        Sausages
      </td>
      <td
        className="pl-6 border-l border-yellow-100"
      >
        2
      </td>
    </tr>
    <tr
      className=""
    >
      <td
        className="pl-6"
      >
        Bacon
      </td>
      <td
        className="pl-6 border-l border-yellow-100"
      >
        3
      </td>
    </tr>
    <tr
      className="bg-yellow-200"
    >
      <td
        className="pl-6"
      >
        Mushrooms
      </td>
      <td
        className="pl-6 border-l border-yellow-100"
      >
        2
      </td>
    </tr>
    <tr
      className=""
    >
      <td
        className="pl-6"
      >
        Tomatoes
      </td>
      <td
        className="pl-6 border-l border-yellow-100"
      >
        2
      </td>
    </tr>
    <tr
      className="bg-yellow-200"
    >
      <td
        className="pl-6"
      >
        Black Pudding
      </td>
      <td
        className="pl-6 border-l border-yellow-100"
      >
        1 Slice
      </td>
    </tr>
    <tr
      className=""
    >
      <td
        className="pl-6"
      >
        Eggs
      </td>
      <td
        className="pl-6 border-l border-yellow-100"
      >
        2
      </td>
    </tr>
    <tr
      className="bg-yellow-200"
    >
      <td
        className="pl-6"
      >
        Bread
      </td>
      <td
        className="pl-6 border-l border-yellow-100"
      >
        1 Slice
      </td>
    </tr>
  </tbody>
</table>
`;
